../Core/Src/usb/usb_core.c:100:13:usb_assign_device_address_cb	0	static
../Core/Src/usb/usb_core.c:226:13:usb_control_endpoint_process_tx.constprop	16	static
../Core/Src/usb/usb_core.c:29:6:usb_device_handle_reset	8	static
../Core/Src/usb/usb_core.c:37:6:usb_device_handle_configured	0	static
../Core/Src/usb/usb_core.c:43:6:usb_device_handle_suspend	8	static
../Core/Src/usb/usb_core.c:51:6:usb_device_handle_wakeup	0	static
../Core/Src/usb/usb_core.c:55:6:usb_device_handle_frame	0	static
../Core/Src/usb/usb_core.c:59:6:usb_device_poll	0	static
../Core/Src/usb/usb_core.c:65:14:usb_control_endpoint_process_get_descriptor	16	static
../Core/Src/usb/usb_core.c:105:14:usb_control_endpoint_process_device_request	16	static
../Core/Src/usb/usb_core.c:140:14:usb_control_endpoint_process_interface_request	0	static
../Core/Src/usb/usb_core.c:151:14:usb_control_endpoint_process_endpoint_request	16	static
../Core/Src/usb/usb_core.c:172:14:usb_control_endpoint_process_request	32	static
../Core/Src/usb/usb_core.c:213:6:usb_control_endpoint_stall	8	static
../Core/Src/usb/usb_core.c:326:6:usb_control_endpoint_event_handler	16	static
../Core/Src/usb/usb_core.c:343:6:usb_init	0	static
