../Core/Src/usb/usb_cdc.c:252:21:usb_cdc_set_line_coding	12	static
../Core/Src/usb/usb_cdc.c:440:13:usb_cdc_port_start_tx	32	static
../Core/Src/usb/usb_cdc.c:555:13:usb_cdc_configure_port	32	static
../Core/Src/usb/usb_cdc.c:375:6:usb_cdc_config_mode_enter	8	static
../Core/Src/usb/usb_cdc.c:387:6:usb_cdc_config_mode_leave	4	static
../Core/Src/usb/usb_cdc.c:404:6:usb_cdc_config_mode_process_tx	16	static
../Core/Src/usb/usb_cdc.c:420:6:cdc_shell_write	32	static
../Core/Src/usb/usb_cdc.c:483:6:DMA1_Channel4_IRQHandler	16	static
../Core/Src/usb/usb_cdc.c:490:6:DMA1_Channel7_IRQHandler	24	static
../Core/Src/usb/usb_cdc.c:497:6:DMA1_Channel2_IRQHandler	16	static
../Core/Src/usb/usb_cdc.c:523:6:USART1_IRQHandler	0	static
../Core/Src/usb/usb_cdc.c:528:6:USART2_IRQHandler	0	static
../Core/Src/usb/usb_cdc.c:533:6:USART3_IRQHandler	0	static
../Core/Src/usb/usb_cdc.c:540:6:usb_cdc_reconfigure_port_pin	16	static
../Core/Src/usb/usb_cdc.c:567:6:usb_cdc_reconfigure	8	static
../Core/Src/usb/usb_cdc.c:575:6:usb_cdc_reset	40	static
../Core/Src/usb/usb_cdc.c:631:6:usb_cdc_enable	20	static
../Core/Src/usb/usb_cdc.c:640:6:usb_cdc_suspend	0	static
../Core/Src/usb/usb_cdc.c:648:6:usb_cdc_frame	32	static
../Core/Src/usb/usb_cdc.c:687:6:usb_cdc_data_endpoint_event_handler	24	static
../Core/Src/usb/usb_cdc.c:710:14:usb_cdc_ctrl_process_request	32	static
../Core/Src/usb/usb_cdc.c:754:6:usb_cdc_poll	64	static
