Archive member included to satisfy reference by file (symbol)

C:/ST/STM32CubeIDE_1.14.1/STM32CubeIDE/plugins/com.st.stm32cube.ide.mcu.externaltools.gnu-tools-for-stm32.11.3.rel1.win32_1.1.100.202309141235/tools/bin/../lib/gcc/arm-none-eabi/11.3.1/../../../../arm-none-eabi/lib/thumb/v7-m/nofp\libc_nano.a(libc_a-atoi.o)
                              ./Core/Src/usb/cdc_shell.o (atoi)
C:/ST/STM32CubeIDE_1.14.1/STM32CubeIDE/plugins/com.st.stm32cube.ide.mcu.externaltools.gnu-tools-for-stm32.11.3.rel1.win32_1.1.100.202309141235/tools/bin/../lib/gcc/arm-none-eabi/11.3.1/../../../../arm-none-eabi/lib/thumb/v7-m/nofp\libc_nano.a(libc_a-exit.o)
                              C:/ST/STM32CubeIDE_1.14.1/STM32CubeIDE/plugins/com.st.stm32cube.ide.mcu.externaltools.gnu-tools-for-stm32.11.3.rel1.win32_1.1.100.202309141235/tools/bin/../lib/gcc/arm-none-eabi/11.3.1/../../../../arm-none-eabi/lib/thumb/v7-m/nofp/crt0.o (exit)
C:/ST/STM32CubeIDE_1.14.1/STM32CubeIDE/plugins/com.st.stm32cube.ide.mcu.externaltools.gnu-tools-for-stm32.11.3.rel1.win32_1.1.100.202309141235/tools/bin/../lib/gcc/arm-none-eabi/11.3.1/../../../../arm-none-eabi/lib/thumb/v7-m/nofp\libc_nano.a(libc_a-itoa.o)
                              ./Core/Src/usb/cdc_shell.o (itoa)
C:/ST/STM32CubeIDE_1.14.1/STM32CubeIDE/plugins/com.st.stm32cube.ide.mcu.externaltools.gnu-tools-for-stm32.11.3.rel1.win32_1.1.100.202309141235/tools/bin/../lib/gcc/arm-none-eabi/11.3.1/../../../../arm-none-eabi/lib/thumb/v7-m/nofp\libc_nano.a(libc_a-strtol.o)
                              C:/ST/STM32CubeIDE_1.14.1/STM32CubeIDE/plugins/com.st.stm32cube.ide.mcu.externaltools.gnu-tools-for-stm32.11.3.rel1.win32_1.1.100.202309141235/tools/bin/../lib/gcc/arm-none-eabi/11.3.1/../../../../arm-none-eabi/lib/thumb/v7-m/nofp\libc_nano.a(libc_a-atoi.o) (_strtol_r)
C:/ST/STM32CubeIDE_1.14.1/STM32CubeIDE/plugins/com.st.stm32cube.ide.mcu.externaltools.gnu-tools-for-stm32.11.3.rel1.win32_1.1.100.202309141235/tools/bin/../lib/gcc/arm-none-eabi/11.3.1/../../../../arm-none-eabi/lib/thumb/v7-m/nofp\libc_nano.a(libc_a-utoa.o)
                              C:/ST/STM32CubeIDE_1.14.1/STM32CubeIDE/plugins/com.st.stm32cube.ide.mcu.externaltools.gnu-tools-for-stm32.11.3.rel1.win32_1.1.100.202309141235/tools/bin/../lib/gcc/arm-none-eabi/11.3.1/../../../../arm-none-eabi/lib/thumb/v7-m/nofp\libc_nano.a(libc_a-itoa.o) (__utoa)
C:/ST/STM32CubeIDE_1.14.1/STM32CubeIDE/plugins/com.st.stm32cube.ide.mcu.externaltools.gnu-tools-for-stm32.11.3.rel1.win32_1.1.100.202309141235/tools/bin/../lib/gcc/arm-none-eabi/11.3.1/../../../../arm-none-eabi/lib/thumb/v7-m/nofp\libc_nano.a(libc_a-ctype_.o)
                              ./Core/Src/usb/cdc_shell.o (_ctype_)
C:/ST/STM32CubeIDE_1.14.1/STM32CubeIDE/plugins/com.st.stm32cube.ide.mcu.externaltools.gnu-tools-for-stm32.11.3.rel1.win32_1.1.100.202309141235/tools/bin/../lib/gcc/arm-none-eabi/11.3.1/../../../../arm-none-eabi/lib/thumb/v7-m/nofp\libc_nano.a(libc_a-findfp.o)
                              C:/ST/STM32CubeIDE_1.14.1/STM32CubeIDE/plugins/com.st.stm32cube.ide.mcu.externaltools.gnu-tools-for-stm32.11.3.rel1.win32_1.1.100.202309141235/tools/bin/../lib/gcc/arm-none-eabi/11.3.1/../../../../arm-none-eabi/lib/thumb/v7-m/nofp\libc_nano.a(libc_a-exit.o) (__stdio_exit_handler)
C:/ST/STM32CubeIDE_1.14.1/STM32CubeIDE/plugins/com.st.stm32cube.ide.mcu.externaltools.gnu-tools-for-stm32.11.3.rel1.win32_1.1.100.202309141235/tools/bin/../lib/gcc/arm-none-eabi/11.3.1/../../../../arm-none-eabi/lib/thumb/v7-m/nofp\libc_nano.a(libc_a-fwalk.o)
                              C:/ST/STM32CubeIDE_1.14.1/STM32CubeIDE/plugins/com.st.stm32cube.ide.mcu.externaltools.gnu-tools-for-stm32.11.3.rel1.win32_1.1.100.202309141235/tools/bin/../lib/gcc/arm-none-eabi/11.3.1/../../../../arm-none-eabi/lib/thumb/v7-m/nofp\libc_nano.a(libc_a-findfp.o) (_fwalk_sglue)
C:/ST/STM32CubeIDE_1.14.1/STM32CubeIDE/plugins/com.st.stm32cube.ide.mcu.externaltools.gnu-tools-for-stm32.11.3.rel1.win32_1.1.100.202309141235/tools/bin/../lib/gcc/arm-none-eabi/11.3.1/../../../../arm-none-eabi/lib/thumb/v7-m/nofp\libc_nano.a(libc_a-stdio.o)
                              C:/ST/STM32CubeIDE_1.14.1/STM32CubeIDE/plugins/com.st.stm32cube.ide.mcu.externaltools.gnu-tools-for-stm32.11.3.rel1.win32_1.1.100.202309141235/tools/bin/../lib/gcc/arm-none-eabi/11.3.1/../../../../arm-none-eabi/lib/thumb/v7-m/nofp\libc_nano.a(libc_a-findfp.o) (__sread)
C:/ST/STM32CubeIDE_1.14.1/STM32CubeIDE/plugins/com.st.stm32cube.ide.mcu.externaltools.gnu-tools-for-stm32.11.3.rel1.win32_1.1.100.202309141235/tools/bin/../lib/gcc/arm-none-eabi/11.3.1/../../../../arm-none-eabi/lib/thumb/v7-m/nofp\libc_nano.a(libc_a-memmove.o)
                              ./Core/Src/usb/cdc_shell.o (memmove)
C:/ST/STM32CubeIDE_1.14.1/STM32CubeIDE/plugins/com.st.stm32cube.ide.mcu.externaltools.gnu-tools-for-stm32.11.3.rel1.win32_1.1.100.202309141235/tools/bin/../lib/gcc/arm-none-eabi/11.3.1/../../../../arm-none-eabi/lib/thumb/v7-m/nofp\libc_nano.a(libc_a-memset.o)
[...]
Memory Configuration

Name             Origin             Length             Attributes
RAM              0x0000000020000000 0x0000000000005000 xrw
FLASH            0x0000000008000000 0x0000000000010000 xr
*default*        0x0000000000000000 0xffffffffffffffff

Linker script and memory map

LOAD C:/ST/STM32CubeIDE_1.14.1/STM32CubeIDE/plugins/com.st.stm32cube.ide.mcu.externaltools.gnu-tools-for-stm32.11.3.rel1.win32_1.1.100.202309141235/tools/bin/../lib/gcc/arm-none-eabi/11.3.1/thumb/v7-m/nofp/crti.o
LOAD C:/ST/STM32CubeIDE_1.14.1/STM32CubeIDE/plugins/com.st.stm32cube.ide.mcu.externaltools.gnu-tools-for-stm32.11.3.rel1.win32_1.1.100.202309141235/tools/bin/../lib/gcc/arm-none-eabi/11.3.1/thumb/v7-m/nofp/crtbegin.o
LOAD C:/ST/STM32CubeIDE_1.14.1/STM32CubeIDE/plugins/com.st.stm32cube.ide.mcu.externaltools.gnu-tools-for-stm32.11.3.rel1.win32_1.1.100.202309141235/tools/bin/../lib/gcc/arm-none-eabi/11.3.1/../../../../arm-none-eabi/lib/thumb/v7-m/nofp/crt0.o
LOAD ./Core/Src/main.o
LOAD ./Core/Src/stm32f1xx_hal_msp.o
LOAD ./Core/Src/stm32f1xx_it.o
LOAD ./Core/Src/syscalls.o
LOAD ./Core/Src/sysmem.o
LOAD ./Core/Src/system_stm32f1xx.o
LOAD ./Core/Src/usb/cdc_shell.o
LOAD ./Core/Src/usb/device_config.o
LOAD ./Core/Src/usb/gpio.o
LOAD ./Core/Src/usb/status_led.o
LOAD ./Core/Src/usb/system_clock.o
LOAD ./Core/Src/usb/system_interrupts.o
LOAD ./Core/Src/usb/usb_cdc.o
LOAD ./Core/Src/usb/usb_core.o
LOAD ./Core/Src/usb/usb_descriptors.o
LOAD ./Core/Src/usb/usb_io.o
LOAD ./Core/Src/usb/usb_panic.o
LOAD ./Core/Src/usb/usb_uid.o
LOAD ./Core/Startup/startup_stm32f103c8tx.o
LOAD ./Drivers/STM32F1xx_HAL_Driver/Src/stm32f1xx_hal.o
LOAD ./Drivers/STM32F1xx_HAL_Driver/Src/stm32f1xx_hal_cortex.o
LOAD ./Drivers/STM32F1xx_HAL_Driver/Src/stm32f1xx_hal_dma.o
LOAD ./Drivers/STM32F1xx_HAL_Driver/Src/stm32f1xx_hal_exti.o
LOAD ./Drivers/STM32F1xx_HAL_Driver/Src/stm32f1xx_hal_flash.o
LOAD ./Drivers/STM32F1xx_HAL_Driver/Src/stm32f1xx_hal_flash_ex.o
LOAD ./Drivers/STM32F1xx_HAL_Driver/Src/stm32f1xx_hal_gpio.o
LOAD ./Drivers/STM32F1xx_HAL_Driver/Src/stm32f1xx_hal_gpio_ex.o
LOAD ./Drivers/STM32F1xx_HAL_Driver/Src/stm32f1xx_hal_pwr.o
LOAD ./Drivers/STM32F1xx_HAL_Driver/Src/stm32f1xx_hal_rcc.o
LOAD ./Drivers/STM32F1xx_HAL_Driver/Src/stm32f1xx_hal_rcc_ex.o
START GROUP
LOAD C:/ST/STM32CubeIDE_1.14.1/STM32CubeIDE/plugins/com.st.stm32cube.ide.mcu.externaltools.gnu-tools-for-stm32.11.3.rel1.win32_1.1.100.202309141235/tools/bin/../lib/gcc/arm-none-eabi/11.3.1/../../../../arm-none-eabi/lib/thumb/v7-m/nofp\libc_nano.a
LOAD C:/ST/STM32CubeIDE_1.14.1/STM32CubeIDE/plugins/com.st.stm32cube.ide.mcu.externaltools.gnu-tools-for-stm32.11.3.rel1.win32_1.1.100.202309141235/tools/bin/../lib/gcc/arm-none-eabi/11.3.1/../../../../arm-none-eabi/lib/thumb/v7-m/nofp\libm.a
END GROUP
START GROUP
LOAD C:/ST/STM32CubeIDE_1.14.1/STM32CubeIDE/plugins/com.st.stm32cube.ide.mcu.externaltools.gnu-tools-for-stm32.11.3.rel1.win32_1.1.100.202309141235/tools/bin/../lib/gcc/arm-none-eabi/11.3.1/thumb/v7-m/nofp\libgcc.a
LOAD C:/ST/STM32CubeIDE_1.14.1/STM32CubeIDE/plugins/com.st.stm32cube.ide.mcu.externaltools.gnu-tools-for-stm32.11.3.rel1.win32_1.1.100.202309141235/tools/bin/../lib/gcc/arm-none-eabi/11.3.1/../../../../arm-none-eabi/lib/thumb/v7-m/nofp\libc_nano.a
END GROUP
START GROUP
LOAD C:/ST/STM32CubeIDE_1.14.1/STM32CubeIDE/plugins/com.st.stm32cube.ide.mcu.externaltools.gnu-tools-for-stm32.11.3.rel1.win32_1.1.100.202309141235/tools/bin/../lib/gcc/arm-none-eabi/11.3.1/thumb/v7-m/nofp\libgcc.a
LOAD C:/ST/STM32CubeIDE_1.14.1/STM32CubeIDE/plugins/com.st.stm32cube.ide.mcu.externaltools.gnu-tools-for-stm32.11.3.rel1.win32_1.1.100.202309141235/tools/bin/../lib/gcc/arm-none-eabi/11.3.1/../../../../arm-none-eabi/lib/thumb/v7-m/nofp\libc_nano.a
LOAD C:/ST/STM32CubeIDE_1.14.1/STM32CubeIDE/plugins/com.st.stm32cube.ide.mcu.externaltools.gnu-tools-for-stm32.11.3.rel1.win32_1.1.100.202309141235/tools/bin/../lib/gcc/arm-none-eabi/11.3.1/../../../../arm-none-eabi/lib/thumb/v7-m/nofp\libnosys.a
END GROUP
START GROUP
LOAD C:/ST/STM32CubeIDE_1.14.1/STM32CubeIDE/plugins/com.st.stm32cube.ide.mcu.externaltools.gnu-tools-for-stm32.11.3.rel1.win32_1.1.100.202309141235/tools/bin/../lib/gcc/arm-none-eabi/11.3.1/thumb/v7-m/nofp\libgcc.a
LOAD C:/ST/STM32CubeIDE_1.14.1/STM32CubeIDE/plugins/com.st.stm32cube.ide.mcu.externaltools.gnu-tools-for-stm32.11.3.rel1.win32_1.1.100.202309141235/tools/bin/../lib/gcc/arm-none-eabi/11.3.1/../../../../arm-none-eabi/lib/thumb/v7-m/nofp\libc_nano.a
LOAD C:/ST/STM32CubeIDE_1.14.1/STM32CubeIDE/plugins/com.st.stm32cube.ide.mcu.externaltools.gnu-tools-for-stm32.11.3.rel1.win32_1.1.100.202309141235/tools/bin/../lib/gcc/arm-none-eabi/11.3.1/../../../../arm-none-eabi/lib/thumb/v7-m/nofp\libnosys.a
END GROUP
LOAD C:/ST/STM32CubeIDE_1.14.1/STM32CubeIDE/plugins/com.st.stm32cube.ide.mcu.externaltools.gnu-tools-for-stm32.11.3.rel1.win32_1.1.100.202309141235/tools/bin/../lib/gcc/arm-none-eabi/11.3.1/thumb/v7-m/nofp/crtend.o
LOAD C:/ST/STM32CubeIDE_1.14.1/STM32CubeIDE/plugins/com.st.stm32cube.ide.mcu.externaltools.gnu-tools-for-stm32.11.3.rel1.win32_1.1.100.202309141235/tools/bin/../lib/gcc/arm-none-eabi/11.3.1/thumb/v7-m/nofp/crtn.o
                0x0000000020005000                _estack = (ORIGIN (RAM) + LENGTH (RAM))
                0x0000000000000200                _Min_Heap_Size = 0x200
                0x0000000000000400                _Min_Stack_Size = 0x400

.isr_vector     0x0000000008000000      0x10c
                0x0000000008000000                . = ALIGN (0x4)
 *(.isr_vector)
 .isr_vector    0x0000000008000000      0x10c ./Core/Startup/startup_stm32f103c8tx.o
                0x0000000008000000                g_pfnVectors
                0x000000000800010c                . = ALIGN (0x4)

.text           0x000000000800010c     0x3270
                0x000000000800010c                . = ALIGN (0x4)
 *(.text)
 .text          0x000000000800010c       0x40 C:/ST/STM32CubeIDE_1.14.1/STM32CubeIDE/plugins/com.st.stm32cube.ide.mcu.externaltools.gnu-tools-for-stm32.11.3.rel1.win32_1.1.100.202309141235/tools/bin/../lib/gcc/arm-none-eabi/11.3.1/thumb/v7-m/nofp/crtbegin.o
 .text          0x000000000800014c       0x14 C:/ST/STM32CubeIDE_1.14.1/STM32CubeIDE/plugins/com.st.stm32cube.ide.mcu.externaltools.gnu-tools-for-stm32.11.3.rel1.win32_1.1.100.202309141235/tools/bin/../lib/gcc/arm-none-eabi/11.3.1/../../../../arm-none-eabi/lib/thumb/v7-m/nofp\libc_nano.a(libc_a-strcmp.o)
                0x000000000800014c                strcmp
 .text          0x0000000008000160       0x10 C:/ST/STM32CubeIDE_1.14.1/STM32CubeIDE/plugins/com.st.stm32cube.ide.mcu.externaltools.gnu-tools-for-stm32.11.3.rel1.win32_1.1.100.202309141235/tools/bin/../lib/gcc/arm-none-eabi/11.3.1/../../../../arm-none-eabi/lib/thumb/v7-m/nofp\libc_nano.a(libc_a-strlen.o)
                0x0000000008000160                strlen
 *(.text*)
 .text.startup.main
                0x0000000008000170       0x1c ./Core/Src/main.o
                0x0000000008000170                main
 .text.NMI_Handler
                0x000000000800018c        0x4 ./Core/Src/stm32f1xx_it.o
                0x000000000800018c                NMI_Handler
 .text.HardFault_Handler
                0x0000000008000190        0x4 ./Core/Src/stm32f1xx_it.o
                0x0000000008000190                HardFault_Handler
 .text.MemManage_Handler
                0x0000000008000194        0x4 ./Core/Src/stm32f1xx_it.o
                0x0000000008000194                MemManage_Handler
 .text.BusFault_Handler
                0x0000000008000198        0x4 ./Core/Src/stm32f1xx_it.o
                0x0000000008000198                BusFault_Handler
 .text.UsageFault_Handler
                0x000000000800019c        0x4 ./Core/Src/stm32f1xx_it.o
                0x000000000800019c                UsageFault_Handler
 .text.SVC_Handler
                0x00000000080001a0        0x4 ./Core/Src/stm32f1xx_it.o
                0x00000000080001a0                SVC_Handler
 .text.DebugMon_Handler
                0x00000000080001a4        0x4 ./Core/Src/stm32f1xx_it.o
                0x00000000080001a4                DebugMon_Handler
 .text.PendSV_Handler
                0x00000000080001a8        0x4 ./Core/Src/stm32f1xx_it.o
                0x00000000080001a8                PendSV_Handler
 .text.SysTick_Handler
                0x00000000080001ac        0x4 ./Core/Src/stm32f1xx_it.o
                0x00000000080001ac                SysTick_Handler
 .text.SystemInit
                0x00000000080001b0        0x4 ./Core/Src/system_stm32f1xx.o
                0x00000000080001b0                SystemInit
 .text.SystemCoreClockUpdate
                0x00000000080001b4       0x5c ./Core/Src/system_stm32f1xx.o
                0x00000000080001b4                SystemCoreClockUpdate
 .text.cdc_shell_write_string
                0x0000000008000210       0x14 ./Core/Src/usb/cdc_shell.o
 .text.cdc_shell_cmd_version
                0x0000000008000224       0x1c ./Core/Src/usb/cdc_shell.o
 .text.cdc_shell_cmd_help
                0x0000000008000240       0x94 ./Core/Src/usb/cdc_shell.o
 .text.cdc_shell_cmd_uart
                0x00000000080002d4      0x550 ./Core/Src/usb/cdc_shell.o
 .text.cdc_shell_cmd_config
                0x0000000008000824       0x4c ./Core/Src/usb/cdc_shell.o
 .text.cdc_shell_init
                0x0000000008000870       0x4c ./Core/Src/usb/cdc_shell.o
                0x0000000008000870                cdc_shell_init
 .text.cdc_shell_process_input
                0x00000000080008bc      0x3b8 ./Core/Src/usb/cdc_shell.o
                0x00000000080008bc                cdc_shell_process_input
 .text.device_config_init
                0x0000000008000c74       0xdc ./Core/Src/usb/device_config.o
                0x0000000008000c74                device_config_init
 .text.device_config_get
                0x0000000008000d50        0x8 ./Core/Src/usb/device_config.o
                0x0000000008000d50                device_config_get
 .text.device_config_save
                0x0000000008000d58      0x198 ./Core/Src/usb/device_config.o
                0x0000000008000d58                device_config_save
 .text.device_config_reset
                0x0000000008000ef0       0x20 ./Core/Src/usb/device_config.o
                0x0000000008000ef0                device_config_reset
 .text.gpio_pin_init
                0x0000000008000f10       0x9c ./Core/Src/usb/gpio.o
                0x0000000008000f10                gpio_pin_init
 .text.gpio_pin_set
                0x0000000008000fac       0x34 ./Core/Src/usb/gpio.o
                0x0000000008000fac                gpio_pin_set
 .text.gpio_pin_get
                0x0000000008000fe0       0x20 ./Core/Src/usb/gpio.o
                0x0000000008000fe0                gpio_pin_get
 .text.gpio_pin_get_bitband_clear_addr
                0x0000000008001000       0x3c ./Core/Src/usb/gpio.o
                0x0000000008001000                gpio_pin_get_bitband_clear_addr
 .text.status_led_init
                0x000000000800103c       0x20 ./Core/Src/usb/status_led.o
                0x000000000800103c                status_led_init
 .text.status_led_set
                0x000000000800105c       0x10 ./Core/Src/usb/status_led.o
                0x000000000800105c                status_led_set
 .text.system_clock_init
                0x000000000800106c       0x7c ./Core/Src/usb/system_clock.o
                0x000000000800106c                system_clock_init
 .text.system_interrupts_init
                0x00000000080010e8       0x1c ./Core/Src/usb/system_interrupts.o
                0x00000000080010e8                system_interrupts_init
 .text.usb_cdc_set_line_coding
                0x0000000008001104      0x114 ./Core/Src/usb/usb_cdc.o
 .text.usb_cdc_port_start_tx
                0x0000000008001218       0xb8 ./Core/Src/usb/usb_cdc.o
 .text.usb_cdc_configure_port
                0x00000000080012d0       0xcc ./Core/Src/usb/usb_cdc.o
 .text.cdc_shell_write
                0x000000000800139c       0x78 ./Core/Src/usb/usb_cdc.o
                0x000000000800139c                cdc_shell_write
 .text.DMA1_Channel4_IRQHandler
                0x0000000008001414      0x158 ./Core/Src/usb/usb_cdc.o
                0x0000000008001414                DMA1_Channel4_IRQHandler
 .text.DMA1_Channel7_IRQHandler
                0x000000000800156c       0xbc ./Core/Src/usb/usb_cdc.o
                0x000000000800156c                DMA1_Channel7_IRQHandler
 .text.DMA1_Channel2_IRQHandler
                0x0000000008001628       0xb0 ./Core/Src/usb/usb_cdc.o
                0x0000000008001628                DMA1_Channel2_IRQHandler
 .text.USART1_IRQHandler
                0x00000000080016d8       0x44 ./Core/Src/usb/usb_cdc.o
                0x00000000080016d8                USART1_IRQHandler
 .text.USART2_IRQHandler
                0x000000000800171c       0x40 ./Core/Src/usb/usb_cdc.o
                0x000000000800171c                USART2_IRQHandler
 .text.USART3_IRQHandler
                0x000000000800175c       0x44 ./Core/Src/usb/usb_cdc.o
                0x000000000800175c                USART3_IRQHandler
 .text.usb_cdc_reconfigure_port_pin
                0x00000000080017a0       0xc0 ./Core/Src/usb/usb_cdc.o
                0x00000000080017a0                usb_cdc_reconfigure_port_pin
 .text.usb_cdc_reconfigure
                0x0000000008001860       0x18 ./Core/Src/usb/usb_cdc.o
                0x0000000008001860                usb_cdc_reconfigure
 .text.usb_cdc_reset
                0x0000000008001878      0x268 ./Core/Src/usb/usb_cdc.o
                0x0000000008001878                usb_cdc_reset
 .text.usb_cdc_enable
                0x0000000008001ae0       0x94 ./Core/Src/usb/usb_cdc.o
                0x0000000008001ae0                usb_cdc_enable
 .text.usb_cdc_suspend
                0x0000000008001b74       0x3c ./Core/Src/usb/usb_cdc.o
                0x0000000008001b74                usb_cdc_suspend
 .text.usb_cdc_frame
                0x0000000008001bb0      0x118 ./Core/Src/usb/usb_cdc.o
                0x0000000008001bb0                usb_cdc_frame
 .text.usb_cdc_data_endpoint_event_handler
                0x0000000008001cc8      0x130 ./Core/Src/usb/usb_cdc.o
                0x0000000008001cc8                usb_cdc_data_endpoint_event_handler
 .text.usb_cdc_ctrl_process_request
                0x0000000008001df8      0x120 ./Core/Src/usb/usb_cdc.o
                0x0000000008001df8                usb_cdc_ctrl_process_request
 .text.usb_cdc_poll
                0x0000000008001f18      0x2a4 ./Core/Src/usb/usb_cdc.o
                0x0000000008001f18                usb_cdc_poll
 .text.usb_assign_device_address_cb
                0x00000000080021bc       0x1c ./Core/Src/usb/usb_core.o
 .text.usb_control_endpoint_process_tx.constprop.0
                0x00000000080021d8       0x68 ./Core/Src/usb/usb_core.o
 .text.usb_device_handle_reset
                0x0000000008002240       0x1c ./Core/Src/usb/usb_core.o
                0x0000000008002240                usb_device_handle_reset
 .text.usb_device_handle_suspend
                0x000000000800225c       0x28 ./Core/Src/usb/usb_core.o
                0x000000000800225c                usb_device_handle_suspend
 .text.usb_device_handle_wakeup
                0x0000000008002284        0x4 ./Core/Src/usb/usb_core.o
                0x0000000008002284                usb_device_handle_wakeup
 .text.usb_device_handle_frame
                0x0000000008002288        0x4 ./Core/Src/usb/usb_core.o
                0x0000000008002288                usb_device_handle_frame
 .text.usb_device_poll
                0x000000000800228c        0x4 ./Core/Src/usb/usb_core.o
                0x000000000800228c                usb_device_poll
 .text.usb_control_endpoint_process_device_request
                0x0000000008002290       0xe4 ./Core/Src/usb/usb_core.o
                0x0000000008002290                usb_control_endpoint_process_device_request
 .text.usb_control_endpoint_process_request
                0x0000000008002374       0x94 ./Core/Src/usb/usb_core.o
                0x0000000008002374                usb_control_endpoint_process_request
 .text.usb_control_endpoint_event_handler
                0x0000000008002408      0x11c ./Core/Src/usb/usb_core.o
                0x0000000008002408                usb_control_endpoint_event_handler
 .text.usb_init
                0x0000000008002524        0x4 ./Core/Src/usb/usb_core.o
                0x0000000008002524                usb_init
 .text.usb_io_reset
                0x0000000008002528      0x428 ./Core/Src/usb/usb_io.o
                0x0000000008002528                usb_io_reset
 .text.usb_io_init
                0x0000000008002950       0xa4 ./Core/Src/usb/usb_io.o
                0x0000000008002950                usb_io_init
 .text.usb_bytes_available
                0x00000000080029f4       0x14 ./Core/Src/usb/usb_io.o
                0x00000000080029f4                usb_bytes_available
 .text.usb_space_available
                0x0000000008002a08       0x2c ./Core/Src/usb/usb_io.o
                0x0000000008002a08                usb_space_available
 .text.usb_read
                0x0000000008002a34       0xa4 ./Core/Src/usb/usb_io.o
                0x0000000008002a34                usb_read
 .text.usb_send
                0x0000000008002ad8       0x84 ./Core/Src/usb/usb_io.o
                0x0000000008002ad8                usb_send
 .text.usb_circ_buf_read
                0x0000000008002b5c       0xb4 ./Core/Src/usb/usb_io.o
                0x0000000008002b5c                usb_circ_buf_read
 .text.usb_circ_buf_send
                0x0000000008002c10       0xc4 ./Core/Src/usb/usb_io.o
                0x0000000008002c10                usb_circ_buf_send
 .text.usb_endpoint_set_stall
                0x0000000008002cd4       0x94 ./Core/Src/usb/usb_io.o
                0x0000000008002cd4                usb_endpoint_set_stall
 .text.usb_endpoint_is_stalled
                0x0000000008002d68       0x28 ./Core/Src/usb/usb_io.o
                0x0000000008002d68                usb_endpoint_is_stalled
 .text.usb_poll
                0x0000000008002d90      0x130 ./Core/Src/usb/usb_io.o
                0x0000000008002d90                usb_poll
 .text.usb_panic
                0x0000000008002ec0       0x10 ./Core/Src/usb/usb_panic.o
                0x0000000008002ec0                usb_panic
 .text.usb_get_uid_string_descriptor
                0x0000000008002ed0      0x19c ./Core/Src/usb/usb_uid.o
                0x0000000008002ed0                usb_get_uid_string_descriptor
 .text.Reset_Handler
                0x000000000800306c       0x48 ./Core/Startup/startup_stm32f103c8tx.o
                0x000000000800306c                Reset_Handler
 .text.Default_Handler
                0x00000000080030b4        0x2 ./Core/Startup/startup_stm32f103c8tx.o
                0x00000000080030b4                RTC_Alarm_IRQHandler
                0x00000000080030b4                EXTI2_IRQHandler
                0x00000000080030b4                TIM1_CC_IRQHandler
                0x00000000080030b4                PVD_IRQHandler
                0x00000000080030b4                EXTI3_IRQHandler
                0x00000000080030b4                EXTI0_IRQHandler
                0x00000000080030b4                I2C2_EV_IRQHandler
                0x00000000080030b4                ADC1_2_IRQHandler
                0x00000000080030b4                SPI1_IRQHandler
                0x00000000080030b4                TAMPER_IRQHandler
                0x00000000080030b4                RTC_IRQHandler
                0x00000000080030b4                CAN1_RX1_IRQHandler
                0x00000000080030b4                TIM4_IRQHandler
                0x00000000080030b4                I2C1_EV_IRQHandler
                0x00000000080030b4                DMA1_Channel6_IRQHandler
                0x00000000080030b4                TIM3_IRQHandler
                0x00000000080030b4                RCC_IRQHandler
                0x00000000080030b4                TIM1_TRG_COM_IRQHandler
                0x00000000080030b4                DMA1_Channel1_IRQHandler
                0x00000000080030b4                Default_Handler
                0x00000000080030b4                EXTI15_10_IRQHandler
                0x00000000080030b4                EXTI9_5_IRQHandler
                0x00000000080030b4                SPI2_IRQHandler
                0x00000000080030b4                DMA1_Channel5_IRQHandler
                0x00000000080030b4                EXTI4_IRQHandler
                0x00000000080030b4                USB_LP_CAN1_RX0_IRQHandler
                0x00000000080030b4                USB_HP_CAN1_TX_IRQHandler
                0x00000000080030b4                DMA1_Channel3_IRQHandler
                0x00000000080030b4                TIM1_UP_IRQHandler
                0x00000000080030b4                WWDG_IRQHandler
                0x00000000080030b4                TIM2_IRQHandler
                0x00000000080030b4                TIM1_BRK_IRQHandler
                0x00000000080030b4                EXTI1_IRQHandler
                0x00000000080030b4                I2C2_ER_IRQHandler
                0x00000000080030b4                CAN1_SCE_IRQHandler
                0x00000000080030b4                FLASH_IRQHandler
                0x00000000080030b4                I2C1_ER_IRQHandler
                0x00000000080030b4                USBWakeUp_IRQHandler
 *fill*         0x00000000080030b6        0x2 
 .text.HAL_IncTick
                0x00000000080030b8       0x18 ./Drivers/STM32F1xx_HAL_Driver/Src/stm32f1xx_hal.o
                0x00000000080030b8                HAL_IncTick
 .text.atoi     0x00000000080030d0        0x8 C:/ST/STM32CubeIDE_1.14.1/STM32CubeIDE/plugins/com.st.stm32cube.ide.mcu.externaltools.gnu-tools-for-stm32.11.3.rel1.win32_1.1.100.202309141235/tools/bin/../lib/gcc/arm-none-eabi/11.3.1/../../../../arm-none-eabi/lib/thumb/v7-m/nofp\libc_nano.a(libc_a-atoi.o)
                0x00000000080030d0                atoi
 .text.__itoa   0x00000000080030d8       0x30 C:/ST/STM32CubeIDE_1.14.1/STM32CubeIDE/plugins/com.st.stm32cube.ide.mcu.externaltools.gnu-tools-for-stm32.11.3.rel1.win32_1.1.100.202309141235/tools/bin/../lib/gcc/arm-none-eabi/11.3.1/../../../../arm-none-eabi/lib/thumb/v7-m/nofp\libc_nano.a(libc_a-itoa.o)
                0x00000000080030d8                __itoa
 .text.itoa     0x0000000008003108        0x4 C:/ST/STM32CubeIDE_1.14.1/STM32CubeIDE/plugins/com.st.stm32cube.ide.mcu.externaltools.gnu-tools-for-stm32.11.3.rel1.win32_1.1.100.202309141235/tools/bin/../lib/gcc/arm-none-eabi/11.3.1/../../../../arm-none-eabi/lib/thumb/v7-m/nofp\libc_nano.a(libc_a-itoa.o)
                0x0000000008003108                itoa
 .text._strtol_l.constprop.0
                0x000000000800310c       0xfc C:/ST/STM32CubeIDE_1.14.1/STM32CubeIDE/plugins/com.st.stm32cube.ide.mcu.externaltools.gnu-tools-for-stm32.11.3.rel1.win32_1.1.100.202309141235/tools/bin/../lib/gcc/arm-none-eabi/11.3.1/../../../../arm-none-eabi/lib/thumb/v7-m/nofp\libc_nano.a(libc_a-strtol.o)
 .text.strtol   0x0000000008003208       0x14 C:/ST/STM32CubeIDE_1.14.1/STM32CubeIDE/plugins/com.st.stm32cube.ide.mcu.externaltools.gnu-tools-for-stm32.11.3.rel1.win32_1.1.100.202309141235/tools/bin/../lib/gcc/arm-none-eabi/11.3.1/../../../../arm-none-eabi/lib/thumb/v7-m/nofp\libc_nano.a(libc_a-strtol.o)
                0x0000000008003208                strtol
 .text.__utoa   0x000000000800321c       0x84 C:/ST/STM32CubeIDE_1.14.1/STM32CubeIDE/plugins/com.st.stm32cube.ide.mcu.externaltools.gnu-tools-for-stm32.11.3.rel1.win32_1.1.100.202309141235/tools/bin/../lib/gcc/arm-none-eabi/11.3.1/../../../../arm-none-eabi/lib/thumb/v7-m/nofp\libc_nano.a(libc_a-utoa.o)
                0x000000000800321c                __utoa
 .text.memmove  0x00000000080032a0       0x34 C:/ST/STM32CubeIDE_1.14.1/STM32CubeIDE/plugins/com.st.stm32cube.ide.mcu.externaltools.gnu-tools-for-stm32.11.3.rel1.win32_1.1.100.202309141235/tools/bin/../lib/gcc/arm-none-eabi/11.3.1/../../../../arm-none-eabi/lib/thumb/v7-m/nofp\libc_nano.a(libc_a-memmove.o)
                0x00000000080032a0                memmove
 .text.memset   0x00000000080032d4       0x10 C:/ST/STM32CubeIDE_1.14.1/STM32CubeIDE/plugins/com.st.stm32cube.ide.mcu.externaltools.gnu-tools-for-stm32.11.3.rel1.win32_1.1.100.202309141235/tools/bin/../lib/gcc/arm-none-eabi/11.3.1/../../../../arm-none-eabi/lib/thumb/v7-m/nofp\libc_nano.a(libc_a-memset.o)
                0x00000000080032d4                memset
 .text.__errno  0x00000000080032e4        0xc C:/ST/STM32CubeIDE_1.14.1/STM32CubeIDE/plugins/com.st.stm32cube.ide.mcu.externaltools.gnu-tools-for-stm32.11.3.rel1.win32_1.1.100.202309141235/tools/bin/../lib/gcc/arm-none-eabi/11.3.1/../../../../arm-none-eabi/lib/thumb/v7-m/nofp\libc_nano.a(libc_a-errno.o)
                0x00000000080032e4                __errno
 .text.__libc_init_array
                0x00000000080032f0       0x48 C:/ST/STM32CubeIDE_1.14.1/STM32CubeIDE/plugins/com.st.stm32cube.ide.mcu.externaltools.gnu-tools-for-stm32.11.3.rel1.win32_1.1.100.202309141235/tools/bin/../lib/gcc/arm-none-eabi/11.3.1/../../../../arm-none-eabi/lib/thumb/v7-m/nofp\libc_nano.a(libc_a-init.o)
                0x00000000080032f0                __libc_init_array
 .text.strcpy   0x0000000008003338       0x10 C:/ST/STM32CubeIDE_1.14.1/STM32CubeIDE/plugins/com.st.stm32cube.ide.mcu.externaltools.gnu-tools-for-stm32.11.3.rel1.win32_1.1.100.202309141235/tools/bin/../lib/gcc/arm-none-eabi/11.3.1/../../../../arm-none-eabi/lib/thumb/v7-m/nofp\libc_nano.a(libc_a-strcpy.o)
                0x0000000008003338                strcpy
 .text.memcpy   0x0000000008003348       0x1c C:/ST/STM32CubeIDE_1.14.1/STM32CubeIDE/plugins/com.st.stm32cube.ide.mcu.externaltools.gnu-tools-for-stm32.11.3.rel1.win32_1.1.100.202309141235/tools/bin/../lib/gcc/arm-none-eabi/11.3.1/../../../../arm-none-eabi/lib/thumb/v7-m/nofp\libc_nano.a(libc_a-memcpy-stub.o)
                0x0000000008003348                memcpy
 *(.glue_7)
 .glue_7        0x0000000008003364        0x0 linker stubs
 *(.glue_7t)
 .glue_7t       0x0000000008003364        0x0 linker stubs
 *(.eh_frame)
 .eh_frame      0x0000000008003364        0x0 C:/ST/STM32CubeIDE_1.14.1/STM32CubeIDE/plugins/com.st.stm32cube.ide.mcu.externaltools.gnu-tools-for-stm32.11.3.rel1.win32_1.1.100.202309141235/tools/bin/../lib/gcc/arm-none-eabi/11.3.1/thumb/v7-m/nofp/crtbegin.o
 *(.init)
 .init          0x0000000008003364        0x4 C:/ST/STM32CubeIDE_1.14.1/STM32CubeIDE/plugins/com.st.stm32cube.ide.mcu.externaltools.gnu-tools-for-stm32.11.3.rel1.win32_1.1.100.202309141235/tools/bin/../lib/gcc/arm-none-eabi/11.3.1/thumb/v7-m/nofp/crti.o
                0x0000000008003364                _init
 .init          0x0000000008003368        0x8 C:/ST/STM32CubeIDE_1.14.1/STM32CubeIDE/plugins/com.st.stm32cube.ide.mcu.externaltools.gnu-tools-for-stm32.11.3.rel1.win32_1.1.100.202309141235/tools/bin/../lib/gcc/arm-none-eabi/11.3.1/thumb/v7-m/nofp/crtn.o
 *(.fini)
 .fini          0x0000000008003370        0x4 C:/ST/STM32CubeIDE_1.14.1/STM32CubeIDE/plugins/com.st.stm32cube.ide.mcu.externaltools.gnu-tools-for-stm32.11.3.rel1.win32_1.1.100.202309141235/tools/bin/../lib/gcc/arm-none-eabi/11.3.1/thumb/v7-m/nofp/crti.o
                0x0000000008003370                _fini
 .fini          0x0000000008003374        0x8 C:/ST/STM32CubeIDE_1.14.1/STM32CubeIDE/plugins/com.st.stm32cube.ide.mcu.externaltools.gnu-tools-for-stm32.11.3.rel1.win32_1.1.100.202309141235/tools/bin/../lib/gcc/arm-none-eabi/11.3.1/thumb/v7-m/nofp/crtn.o
                0x000000000800337c                . = ALIGN (0x4)
                0x000000000800337c                _etext = .

.vfp11_veneer   0x000000000800337c        0x0
 .vfp11_veneer  0x000000000800337c        0x0 linker stubs

.v4_bx          0x000000000800337c        0x0
 .v4_bx         0x000000000800337c        0x0 linker stubs

.iplt           0x000000000800337c        0x0
 .iplt          0x000000000800337c        0x0 C:/ST/STM32CubeIDE_1.14.1/STM32CubeIDE/plugins/com.st.stm32cube.ide.mcu.externaltools.gnu-tools-for-stm32.11.3.rel1.win32_1.1.100.202309141235/tools/bin/../lib/gcc/arm-none-eabi/11.3.1/thumb/v7-m/nofp/crtbegin.o

.rodata         0x000000000800337c      0xe34
                0x000000000800337c                . = ALIGN (0x4)
 *(.rodata)
 *(.rodata*)
 .rodata.AHBPrescTable
                0x000000000800337c       0x10 ./Core/Src/system_stm32f1xx.o
                0x000000000800337c                AHBPrescTable
 .rodata.cdc_shell_cmd_help.str1.4
                0x000000000800338c        0xb ./Core/Src/usb/cdc_shell.o
 *fill*         0x0000000008003397        0x1 
 .rodata.cdc_shell_cmd_uart.str1.4
                0x0000000008003398       0x99 ./Core/Src/usb/cdc_shell.o
 *fill*         0x0000000008003431        0x3 
 .rodata.cdc_shell_cmd_config.str1.4
                0x0000000008003434        0xe ./Core/Src/usb/cdc_shell.o
 *fill*         0x0000000008003442        0x2 
 .rodata.cdc_shell_process_input.str1.4
                0x0000000008003444        0x6 ./Core/Src/usb/cdc_shell.o
 *fill*         0x000000000800344a        0x2 
 .rodata.str1.4
                0x000000000800344c      0x42b ./Core/Src/usb/cdc_shell.o
 *fill*         0x0000000008003877        0x1 
 .rodata._cdc_uart_output_types
                0x0000000008003878        0x8 ./Core/Src/usb/cdc_shell.o
 .rodata._cdc_uart_polarities
                0x0000000008003880        0x8 ./Core/Src/usb/cdc_shell.o
 .rodata._cdc_uart_pull_types
                0x0000000008003888        0xc ./Core/Src/usb/cdc_shell.o
 .rodata._cdc_uart_signal_names
                0x0000000008003894       0x24 ./Core/Src/usb/cdc_shell.o
 .rodata.cdc_shell_banner
                0x00000000080038b8       0x6a ./Core/Src/usb/cdc_shell.o
 *fill*         0x0000000008003922        0x2 
 .rodata.cdc_shell_commands
                0x0000000008003924       0x50 ./Core/Src/usb/cdc_shell.o
 .rodata.cdc_shell_delim
                0x0000000008003974        0x4 ./Core/Src/usb/cdc_shell.o
 .rodata.cdc_shell_device_version
                0x0000000008003978        0x7 ./Core/Src/usb/cdc_shell.o
 *fill*         0x000000000800397f        0x1 
 .rodata.cdc_shell_err_cannot_change_polarity
                0x0000000008003980       0x3c ./Core/Src/usb/cdc_shell.o
 .rodata.cdc_shell_err_cannot_set_output_type_for_input
                0x00000000080039bc       0x2f ./Core/Src/usb/cdc_shell.o
 *fill*         0x00000000080039eb        0x1 
 .rodata.cdc_shell_err_cannot_set_pull_for_output
                0x00000000080039ec       0x2a ./Core/Src/usb/cdc_shell.o
 *fill*         0x0000000008003a16        0x2 
 .rodata.cdc_shell_err_config_missing_arguments
                0x0000000008003a18       0x54 ./Core/Src/usb/cdc_shell.o
 .rodata.cdc_shell_err_no_help
                0x0000000008003a6c       0x55 ./Core/Src/usb/cdc_shell.o
 *fill*         0x0000000008003ac1        0x3 
 .rodata.cdc_shell_err_too_long
                0x0000000008003ac4       0x23 ./Core/Src/usb/cdc_shell.o
 *fill*         0x0000000008003ae7        0x1 
 .rodata.cdc_shell_err_too_many_args
                0x0000000008003ae8       0x2a ./Core/Src/usb/cdc_shell.o
 *fill*         0x0000000008003b12        0x2 
 .rodata.cdc_shell_err_uart_invalid_output_type
                0x0000000008003b14       0x1e ./Core/Src/usb/cdc_shell.o
 *fill*         0x0000000008003b32        0x2 
 .rodata.cdc_shell_err_uart_invalid_polarity
                0x0000000008003b34       0x1b ./Core/Src/usb/cdc_shell.o
 *fill*         0x0000000008003b4f        0x1 
 .rodata.cdc_shell_err_uart_invalid_pull_type
                0x0000000008003b50       0x1c ./Core/Src/usb/cdc_shell.o
 .rodata.cdc_shell_err_uart_invalid_uart
                0x0000000008003b6c       0x1e ./Core/Src/usb/cdc_shell.o
 *fill*         0x0000000008003b8a        0x2 
 .rodata.cdc_shell_err_uart_missing_arguments
                0x0000000008003b8c       0x42 ./Core/Src/usb/cdc_shell.o
 *fill*         0x0000000008003bce        0x2 
 .rodata.cdc_shell_err_uart_missing_output_type
                0x0000000008003bd0       0x1e ./Core/Src/usb/cdc_shell.o
 *fill*         0x0000000008003bee        0x2 
 .rodata.cdc_shell_err_uart_missing_params
                0x0000000008003bf0       0x24 ./Core/Src/usb/cdc_shell.o
 .rodata.cdc_shell_err_uart_missing_polarity
                0x0000000008003c14       0x1b ./Core/Src/usb/cdc_shell.o
 *fill*         0x0000000008003c2f        0x1 
 .rodata.cdc_shell_err_uart_missing_pull_type
                0x0000000008003c30       0x1c ./Core/Src/usb/cdc_shell.o
 .rodata.cdc_shell_err_uart_missing_signame
                0x0000000008003c4c       0x38 ./Core/Src/usb/cdc_shell.o
 .rodata.cdc_shell_err_uart_unknown_signal
                0x0000000008003c84       0x1e ./Core/Src/usb/cdc_shell.o
 *fill*         0x0000000008003ca2        0x2 
 .rodata.cdc_shell_err_unknown_command
                0x0000000008003ca4       0x4c ./Core/Src/usb/cdc_shell.o
 .rodata.cdc_shell_new_line
                0x0000000008003cf0        0x3 ./Core/Src/usb/cdc_shell.o
 *fill*         0x0000000008003cf3        0x1 
 .rodata.cdc_shell_prompt
                0x0000000008003cf4        0x2 ./Core/Src/usb/cdc_shell.o
 *fill*         0x0000000008003cf6        0x2 
 .rodata.escape_clear_line_to_end
                0x0000000008003cf8        0x5 ./Core/Src/usb/cdc_shell.o
 *fill*         0x0000000008003cfd        0x3 
 .rodata.escape_cursor_backward
                0x0000000008003d00        0x4 ./Core/Src/usb/cdc_shell.o
 .rodata.escape_cursor_forward
                0x0000000008003d04        0x4 ./Core/Src/usb/cdc_shell.o
 .rodata.default_device_config
                0x0000000008003d08      0x148 ./Core/Src/usb/device_config.o
 .rodata.CSWTCH.9
                0x0000000008003e50       0x10 ./Core/Src/usb/gpio.o
 .rodata.port_dma_channels.1
                0x0000000008003e60       0x18 ./Core/Src/usb/usb_cdc.o
 .rodata.usb_cdc_port_data_endpoints
                0x0000000008003e78        0x3 ./Core/Src/usb/usb_cdc.o
 *fill*         0x0000000008003e7b        0x1 
 .rodata.usb_cdc_port_interfaces
                0x0000000008003e7c        0x3 ./Core/Src/usb/usb_cdc.o
 *fill*         0x0000000008003e7f        0x1 
 .rodata.usb_cdc_port_interrupt_endpoints
                0x0000000008003e80        0x3 ./Core/Src/usb/usb_cdc.o
 *fill*         0x0000000008003e83        0x1 
 .rodata.usb_cdc_port_usarts
                0x0000000008003e84        0xc ./Core/Src/usb/usb_cdc.o
 .rodata.usb_configuration_descriptor
                0x0000000008003e90       0xcf ./Core/Src/usb/usb_descriptors.o
                0x0000000008003e90                usb_configuration_descriptor
 *fill*         0x0000000008003f5f        0x1 
 .rodata.usb_device_descriptor
                0x0000000008003f60       0x12 ./Core/Src/usb/usb_descriptors.o
                0x0000000008003f60                usb_device_descriptor
 *fill*         0x0000000008003f72        0x2 
 .rodata.usb_endpoints
                0x0000000008003f74       0x54 ./Core/Src/usb/usb_descriptors.o
                0x0000000008003f74                usb_endpoints
 .rodata.usb_string_lang
                0x0000000008003fc8        0x4 ./Core/Src/usb/usb_descriptors.o
                0x0000000008003fc8                usb_string_lang
 .rodata.usb_string_manufacturer
                0x0000000008003fcc       0x2e ./Core/Src/usb/usb_descriptors.o
                0x0000000008003fcc                usb_string_manufacturer
 *fill*         0x0000000008003ffa        0x2 
 .rodata.usb_string_product
                0x0000000008003ffc       0x32 ./Core/Src/usb/usb_descriptors.o
                0x0000000008003ffc                usb_string_product
 *fill*         0x000000000800402e        0x2 
 .rodata.usb_string_serial
                0x0000000008004030       0x16 ./Core/Src/usb/usb_descriptors.o
                0x0000000008004030                usb_string_serial
 *fill*         0x0000000008004046        0x2 
 .rodata.usb_string_uart_1_interface_name
                0x0000000008004048        0xe ./Core/Src/usb/usb_descriptors.o
                0x0000000008004048                usb_string_uart_1_interface_name
 *fill*         0x0000000008004056        0x2 
 .rodata.usb_string_uart_2_interface_name
                0x0000000008004058        0xe ./Core/Src/usb/usb_descriptors.o
                0x0000000008004058                usb_string_uart_2_interface_name
 *fill*         0x0000000008004066        0x2 
 .rodata.usb_string_uart_3_interface_name
                0x0000000008004068        0xe ./Core/Src/usb/usb_descriptors.o
                0x0000000008004068                usb_string_uart_3_interface_name
 *fill*         0x0000000008004076        0x2 
 .rodata.usb_get_uid_string_descriptor.str1.4
                0x0000000008004078       0x11 ./Core/Src/usb/usb_uid.o
 .rodata.__utoa.str1.1
                0x0000000008004089       0x25 C:/ST/STM32CubeIDE_1.14.1/STM32CubeIDE/plugins/com.st.stm32cube.ide.mcu.externaltools.gnu-tools-for-stm32.11.3.rel1.win32_1.1.100.202309141235/tools/bin/../lib/gcc/arm-none-eabi/11.3.1/../../../../arm-none-eabi/lib/thumb/v7-m/nofp\libc_nano.a(libc_a-utoa.o)
 .rodata._ctype_
                0x00000000080040ae      0x101 C:/ST/STM32CubeIDE_1.14.1/STM32CubeIDE/plugins/com.st.stm32cube.ide.mcu.externaltools.gnu-tools-for-stm32.11.3.rel1.win32_1.1.100.202309141235/tools/bin/../lib/gcc/arm-none-eabi/11.3.1/../../../../arm-none-eabi/lib/thumb/v7-m/nofp\libc_nano.a(libc_a-ctype_.o)
                0x00000000080040ae                _ctype_
                0x00000000080041b0                . = ALIGN (0x4)
 *fill*         0x00000000080041af        0x1 

.rel.dyn        0x00000000080041b0        0x0
 .rel.iplt      0x00000000080041b0        0x0 C:/ST/STM32CubeIDE_1.14.1/STM32CubeIDE/plugins/com.st.stm32cube.ide.mcu.externaltools.gnu-tools-for-stm32.11.3.rel1.win32_1.1.100.202309141235/tools/bin/../lib/gcc/arm-none-eabi/11.3.1/thumb/v7-m/nofp/crtbegin.o

.ARM.extab      0x00000000080041b0        0x0
                0x00000000080041b0                . = ALIGN (0x4)
 *(.ARM.extab* .gnu.linkonce.armextab.*)
                0x00000000080041b0                . = ALIGN (0x4)

.ARM            0x00000000080041b0        0x0
                0x00000000080041b0                . = ALIGN (0x4)
                0x00000000080041b0                __exidx_start = .
 *(.ARM.exidx*)
                0x00000000080041b0                __exidx_end = .
                0x00000000080041b0                . = ALIGN (0x4)

.preinit_array  0x00000000080041b0        0x0
                0x00000000080041b0                . = ALIGN (0x4)
                0x00000000080041b0                PROVIDE (__preinit_array_start = .)
 *(.preinit_array*)
                0x00000000080041b0                PROVIDE (__preinit_array_end = .)
                0x00000000080041b0                . = ALIGN (0x4)

.init_array     0x00000000080041b0        0x4
                0x00000000080041b0                . = ALIGN (0x4)
                0x00000000080041b0                PROVIDE (__init_array_start = .)
 *(SORT_BY_NAME(.init_array.*))
 *(.init_array*)
 .init_array    0x00000000080041b0        0x4 C:/ST/STM32CubeIDE_1.14.1/STM32CubeIDE/plugins/com.st.stm32cube.ide.mcu.externaltools.gnu-tools-for-stm32.11.3.rel1.win32_1.1.100.202309141235/tools/bin/../lib/gcc/arm-none-eabi/11.3.1/thumb/v7-m/nofp/crtbegin.o
                0x00000000080041b4                PROVIDE (__init_array_end = .)
                0x00000000080041b4                . = ALIGN (0x4)

.fini_array     0x00000000080041b4        0x4
                0x00000000080041b4                . = ALIGN (0x4)
                [!provide]                        PROVIDE (__fini_array_start = .)
 *(SORT_BY_NAME(.fini_array.*))
 *(.fini_array*)
 .fini_array    0x00000000080041b4        0x4 C:/ST/STM32CubeIDE_1.14.1/STM32CubeIDE/plugins/com.st.stm32cube.ide.mcu.externaltools.gnu-tools-for-stm32.11.3.rel1.win32_1.1.100.202309141235/tools/bin/../lib/gcc/arm-none-eabi/11.3.1/thumb/v7-m/nofp/crtbegin.o
                [!provide]                        PROVIDE (__fini_array_end = .)
                0x00000000080041b8                . = ALIGN (0x4)
                0x00000000080041b8                _sidata = LOADADDR (.data)

.data           0x0000000020000000       0xac load address 0x00000000080041b8
                0x0000000020000000                . = ALIGN (0x4)
                0x0000000020000000                _sdata = .
 *(.data)
 *(.data*)
 .data.SystemCoreClock
                0x0000000020000000        0x4 ./Core/Src/system_stm32f1xx.o
                0x0000000020000000                SystemCoreClock
 .data.cmd_line_cursor
                0x0000000020000004        0x4 ./Core/Src/usb/cdc_shell.o
 .data.usb_string_descriptors
                0x0000000020000008       0x1c ./Core/Src/usb/usb_descriptors.o
                0x0000000020000008                usb_string_descriptors
 .data.uid_string_descriptor.0
                0x0000000020000024       0x34 ./Core/Src/usb/usb_uid.o
 .data.uwTickFreq
                0x0000000020000058        0x1 ./Drivers/STM32F1xx_HAL_Driver/Src/stm32f1xx_hal.o
                0x0000000020000058                uwTickFreq
 *fill*         0x0000000020000059        0x3 
 .data._impure_data
                0x000000002000005c       0x4c C:/ST/STM32CubeIDE_1.14.1/STM32CubeIDE/plugins/com.st.stm32cube.ide.mcu.externaltools.gnu-tools-for-stm32.11.3.rel1.win32_1.1.100.202309141235/tools/bin/../lib/gcc/arm-none-eabi/11.3.1/../../../../arm-none-eabi/lib/thumb/v7-m/nofp\libc_nano.a(libc_a-impure.o)
                0x000000002000005c                _impure_data
 .data._impure_ptr
                0x00000000200000a8        0x4 C:/ST/STM32CubeIDE_1.14.1/STM32CubeIDE/plugins/com.st.stm32cube.ide.mcu.externaltools.gnu-tools-for-stm32.11.3.rel1.win32_1.1.100.202309141235/tools/bin/../lib/gcc/arm-none-eabi/11.3.1/../../../../arm-none-eabi/lib/thumb/v7-m/nofp\libc_nano.a(libc_a-impure.o)
                0x00000000200000a8                _impure_ptr
 *(.RamFunc)
 *(.RamFunc*)
                0x00000000200000ac                . = ALIGN (0x4)
                0x00000000200000ac                _edata = .

.igot.plt       0x00000000200000ac        0x0 load address 0x0000000008004264
 .igot.plt      0x00000000200000ac        0x0 C:/ST/STM32CubeIDE_1.14.1/STM32CubeIDE/plugins/com.st.stm32cube.ide.mcu.externaltools.gnu-tools-for-stm32.11.3.rel1.win32_1.1.100.202309141235/tools/bin/../lib/gcc/arm-none-eabi/11.3.1/thumb/v7-m/nofp/crtbegin.o
                0x00000000200000ac                . = ALIGN (0x4)

.bss            0x00000000200000ac     0x1d78 load address 0x0000000008004264
                0x00000000200000ac                _sbss = .
                0x00000000200000ac                __bss_start__ = _sbss
 *(.bss)
 .bss           0x00000000200000ac       0x1c C:/ST/STM32CubeIDE_1.14.1/STM32CubeIDE/plugins/com.st.stm32cube.ide.mcu.externaltools.gnu-tools-for-stm32.11.3.rel1.win32_1.1.100.202309141235/tools/bin/../lib/gcc/arm-none-eabi/11.3.1/thumb/v7-m/nofp/crtbegin.o
 *(.bss*)
 .bss.cdc_shell_state
                0x00000000200000c8        0x1 ./Core/Src/usb/cdc_shell.o
 *fill*         0x00000000200000c9        0x3 
 .bss.cmd_line_buf
                0x00000000200000cc      0x100 ./Core/Src/usb/cdc_shell.o
 .bss.cmd_prev_line_buf
                0x00000000200001cc      0x100 ./Core/Src/usb/cdc_shell.o
 .bss.current_device_config
                0x00000000200002cc      0x148 ./Core/Src/usb/device_config.o
 .bss.status_led_pin
                0x0000000020000414        0x4 ./Core/Src/usb/status_led.o
 .bss.ctrl_lines_polling_timer.0
                0x0000000020000418        0x4 ./Core/Src/usb/usb_cdc.o
 .bss.usb_cdc_config_mode
                0x000000002000041c        0x1 ./Core/Src/usb/usb_cdc.o
 .bss.usb_cdc_enabled
                0x000000002000041d        0x1 ./Core/Src/usb/usb_cdc.o
 *fill*         0x000000002000041e        0x2 
 .bss.usb_cdc_states
                0x0000000020000420     0x1884 ./Core/Src/usb/usb_cdc.o
 .bss.usb_control_ep_struct
                0x0000000020001ca4       0x3c ./Core/Src/usb/usb_core.o
 .bss.usb_device
                0x0000000020001ce0        0x3 ./Core/Src/usb/usb_core.o
 *fill*         0x0000000020001ce3        0x1 
 .bss.istr      0x0000000020001ce4        0x2 ./Core/Src/usb/usb_io.o
                0x0000000020001ce4                istr
 .bss.usb_transfer_led_timer
                0x0000000020001ce6        0x1 ./Core/Src/usb/usb_io.o
 *fill*         0x0000000020001ce7        0x1 
 .bss.uwTick    0x0000000020001ce8        0x4 ./Drivers/STM32F1xx_HAL_Driver/Src/stm32f1xx_hal.o
                0x0000000020001ce8                uwTick
 .bss.__sf      0x0000000020001cec      0x138 C:/ST/STM32CubeIDE_1.14.1/STM32CubeIDE/plugins/com.st.stm32cube.ide.mcu.externaltools.gnu-tools-for-stm32.11.3.rel1.win32_1.1.100.202309141235/tools/bin/../lib/gcc/arm-none-eabi/11.3.1/../../../../arm-none-eabi/lib/thumb/v7-m/nofp\libc_nano.a(libc_a-findfp.o)
                0x0000000020001cec                __sf
 *(COMMON)
                0x0000000020001e24                . = ALIGN (0x4)
                0x0000000020001e24                _ebss = .
                0x0000000020001e24                __bss_end__ = _ebss

._user_heap_stack
                0x0000000020001e24      0x604 load address 0x0000000008004264
                0x0000000020001e28                . = ALIGN (0x8)
 *fill*         0x0000000020001e24        0x4 
                [!provide]                        PROVIDE (end = .)
                0x0000000020001e28                PROVIDE (_end = .)
                0x0000000020002028                . = (. + _Min_Heap_Size)
 *fill*         0x0000000020001e28      0x200 
                0x0000000020002428                . = (. + _Min_Stack_Size)
 *fill*         0x0000000020002028      0x400 
                0x0000000020002428                . = ALIGN (0x8)

/DISCARD/
 libc.a(*)
 libm.a(*)
 libgcc.a(*)

.ARM.attributes
                0x0000000000000000       0x29
 *(.ARM.attributes)
 .ARM.attributes
                0x0000000000000000       0x1d C:/ST/STM32CubeIDE_1.14.1/STM32CubeIDE/plugins/com.st.stm32cube.ide.mcu.externaltools.gnu-tools-for-stm32.11.3.rel1.win32_1.1.100.202309141235/tools/bin/../lib/gcc/arm-none-eabi/11.3.1/thumb/v7-m/nofp/crti.o
 .ARM.attributes
                0x000000000000001d       0x2d C:/ST/STM32CubeIDE_1.14.1/STM32CubeIDE/plugins/com.st.stm32cube.ide.mcu.externaltools.gnu-tools-for-stm32.11.3.rel1.win32_1.1.100.202309141235/tools/bin/../lib/gcc/arm-none-eabi/11.3.1/thumb/v7-m/nofp/crtbegin.o
 .ARM.attributes
                0x000000000000004a       0x2d ./Core/Src/main.o
 .ARM.attributes
                0x0000000000000077       0x2d ./Core/Src/stm32f1xx_it.o
 .ARM.attributes
                0x00000000000000a4       0x2d ./Core/Src/system_stm32f1xx.o
 .ARM.attributes
                0x00000000000000d1       0x2d ./Core/Src/usb/cdc_shell.o
 .ARM.attributes
                0x00000000000000fe       0x2d ./Core/Src/usb/device_config.o
 .ARM.attributes
                0x000000000000012b       0x2d ./Core/Src/usb/gpio.o
 .ARM.attributes
                0x0000000000000158       0x2d ./Core/Src/usb/status_led.o
 .ARM.attributes
                0x0000000000000185       0x2d ./Core/Src/usb/system_clock.o
 .ARM.attributes
                0x00000000000001b2       0x2d ./Core/Src/usb/system_interrupts.o
 .ARM.attributes
                0x00000000000001df       0x2d ./Core/Src/usb/usb_cdc.o
 .ARM.attributes
                0x000000000000020c       0x2d ./Core/Src/usb/usb_core.o
 .ARM.attributes
                0x0000000000000239       0x2d ./Core/Src/usb/usb_descriptors.o
 .ARM.attributes
                0x0000000000000266       0x2d ./Core/Src/usb/usb_io.o
 .ARM.attributes
                0x0000000000000293       0x2d ./Core/Src/usb/usb_panic.o
 .ARM.attributes
                0x00000000000002c0       0x2d ./Core/Src/usb/usb_uid.o
 .ARM.attributes
                0x00000000000002ed       0x21 ./Core/Startup/startup_stm32f103c8tx.o
 .ARM.attributes
                0x000000000000030e       0x2d ./Drivers/STM32F1xx_HAL_Driver/Src/stm32f1xx_hal.o
 .ARM.attributes
                0x000000000000033b       0x2d C:/ST/STM32CubeIDE_1.14.1/STM32CubeIDE/plugins/com.st.stm32cube.ide.mcu.externaltools.gnu-tools-for-stm32.11.3.rel1.win32_1.1.100.202309141235/tools/bin/../lib/gcc/arm-none-eabi/11.3.1/../../../../arm-none-eabi/lib/thumb/v7-m/nofp\libc_nano.a(libc_a-atoi.o)
 .ARM.attributes
                0x0000000000000368       0x2d C:/ST/STM32CubeIDE_1.14.1/STM32CubeIDE/plugins/com.st.stm32cube.ide.mcu.externaltools.gnu-tools-for-stm32.11.3.rel1.win32_1.1.100.202309141235/tools/bin/../lib/gcc/arm-none-eabi/11.3.1/../../../../arm-none-eabi/lib/thumb/v7-m/nofp\libc_nano.a(libc_a-itoa.o)
 .ARM.attributes
                0x0000000000000395       0x2d C:/ST/STM32CubeIDE_1.14.1/STM32CubeIDE/plugins/com.st.stm32cube.ide.mcu.externaltools.gnu-tools-for-stm32.11.3.rel1.win32_1.1.100.202309141235/tools/bin/../lib/gcc/arm-none-eabi/11.3.1/../../../../arm-none-eabi/lib/thumb/v7-m/nofp\libc_nano.a(libc_a-strtol.o)
 .ARM.attributes
                0x00000000000003c2       0x2d C:/ST/STM32CubeIDE_1.14.1/STM32CubeIDE/plugins/com.st.stm32cube.ide.mcu.externaltools.gnu-tools-for-stm32.11.3.rel1.win32_1.1.100.202309141235/tools/bin/../lib/gcc/arm-none-eabi/11.3.1/../../../../arm-none-eabi/lib/thumb/v7-m/nofp\libc_nano.a(libc_a-utoa.o)
 .ARM.attributes
                0x00000000000003ef       0x2d C:/ST/STM32CubeIDE_1.14.1/STM32CubeIDE/plugins/com.st.stm32cube.ide.mcu.externaltools.gnu-tools-for-stm32.11.3.rel1.win32_1.1.100.202309141235/tools/bin/../lib/gcc/arm-none-eabi/11.3.1/../../../../arm-none-eabi/lib/thumb/v7-m/nofp\libc_nano.a(libc_a-ctype_.o)
 .ARM.attributes
                0x000000000000041c       0x2d C:/ST/STM32CubeIDE_1.14.1/STM32CubeIDE/plugins/com.st.stm32cube.ide.mcu.externaltools.gnu-tools-for-stm32.11.3.rel1.win32_1.1.100.202309141235/tools/bin/../lib/gcc/arm-none-eabi/11.3.1/../../../../arm-none-eabi/lib/thumb/v7-m/nofp\libc_nano.a(libc_a-findfp.o)
 .ARM.attributes
                0x0000000000000449       0x2d C:/ST/STM32CubeIDE_1.14.1/STM32CubeIDE/plugins/com.st.stm32cube.ide.mcu.externaltools.gnu-tools-for-stm32.11.3.rel1.win32_1.1.100.202309141235/tools/bin/../lib/gcc/arm-none-eabi/11.3.1/../../../../arm-none-eabi/lib/thumb/v7-m/nofp\libc_nano.a(libc_a-memmove.o)
 .ARM.attributes
                0x0000000000000476       0x2d C:/ST/STM32CubeIDE_1.14.1/STM32CubeIDE/plugins/com.st.stm32cube.ide.mcu.externaltools.gnu-tools-for-stm32.11.3.rel1.win32_1.1.100.202309141235/tools/bin/../lib/gcc/arm-none-eabi/11.3.1/../../../../arm-none-eabi/lib/thumb/v7-m/nofp\libc_nano.a(libc_a-memset.o)
 .ARM.attributes
                0x00000000000004a3       0x2d C:/ST/STM32CubeIDE_1.14.1/STM32CubeIDE/plugins/com.st.stm32cube.ide.mcu.externaltools.gnu-tools-for-stm32.11.3.rel1.win32_1.1.100.202309141235/tools/bin/../lib/gcc/arm-none-eabi/11.3.1/../../../../arm-none-eabi/lib/thumb/v7-m/nofp\libc_nano.a(libc_a-impure.o)
 .ARM.attributes
                0x00000000000004d0       0x2d C:/ST/STM32CubeIDE_1.14.1/STM32CubeIDE/plugins/com.st.stm32cube.ide.mcu.externaltools.gnu-tools-for-stm32.11.3.rel1.win32_1.1.100.202309141235/tools/bin/../lib/gcc/arm-none-eabi/11.3.1/../../../../arm-none-eabi/lib/thumb/v7-m/nofp\libc_nano.a(libc_a-errno.o)
 .ARM.attributes
                0x00000000000004fd       0x2d C:/ST/STM32CubeIDE_1.14.1/STM32CubeIDE/plugins/com.st.stm32cube.ide.mcu.externaltools.gnu-tools-for-stm32.11.3.rel1.win32_1.1.100.202309141235/tools/bin/../lib/gcc/arm-none-eabi/11.3.1/../../../../arm-none-eabi/lib/thumb/v7-m/nofp\libc_nano.a(libc_a-init.o)
 .ARM.attributes
                0x000000000000052a       0x1b C:/ST/STM32CubeIDE_1.14.1/STM32CubeIDE/plugins/com.st.stm32cube.ide.mcu.externaltools.gnu-tools-for-stm32.11.3.rel1.win32_1.1.100.202309141235/tools/bin/../lib/gcc/arm-none-eabi/11.3.1/../../../../arm-none-eabi/lib/thumb/v7-m/nofp\libc_nano.a(libc_a-strcmp.o)
 .ARM.attributes
                0x0000000000000545       0x2d C:/ST/STM32CubeIDE_1.14.1/STM32CubeIDE/plugins/com.st.stm32cube.ide.mcu.externaltools.gnu-tools-for-stm32.11.3.rel1.win32_1.1.100.202309141235/tools/bin/../lib/gcc/arm-none-eabi/11.3.1/../../../../arm-none-eabi/lib/thumb/v7-m/nofp\libc_nano.a(libc_a-strcpy.o)
 .ARM.attributes
                0x0000000000000572       0x2d C:/ST/STM32CubeIDE_1.14.1/STM32CubeIDE/plugins/com.st.stm32cube.ide.mcu.externaltools.gnu-tools-for-stm32.11.3.rel1.win32_1.1.100.202309141235/tools/bin/../lib/gcc/arm-none-eabi/11.3.1/../../../../arm-none-eabi/lib/thumb/v7-m/nofp\libc_nano.a(libc_a-memcpy-stub.o)
 .ARM.attributes
                0x000000000000059f       0x17 C:/ST/STM32CubeIDE_1.14.1/STM32CubeIDE/plugins/com.st.stm32cube.ide.mcu.externaltools.gnu-tools-for-stm32.11.3.rel1.win32_1.1.100.202309141235/tools/bin/../lib/gcc/arm-none-eabi/11.3.1/../../../../arm-none-eabi/lib/thumb/v7-m/nofp\libc_nano.a(libc_a-strlen.o)
 .ARM.attributes
                0x00000000000005b6       0x1d C:/ST/STM32CubeIDE_1.14.1/STM32CubeIDE/plugins/com.st.stm32cube.ide.mcu.externaltools.gnu-tools-for-stm32.11.3.rel1.win32_1.1.100.202309141235/tools/bin/../lib/gcc/arm-none-eabi/11.3.1/thumb/v7-m/nofp/crtn.o
OUTPUT(usb-ser.elf elf32-littlearm)
LOAD linker stubs
LOAD C:/ST/STM32CubeIDE_1.14.1/STM32CubeIDE/plugins/com.st.stm32cube.ide.mcu.externaltools.gnu-tools-for-stm32.11.3.rel1.win32_1.1.100.202309141235/tools/bin/../lib/gcc/arm-none-eabi/11.3.1/../../../../arm-none-eabi/lib/thumb/v7-m/nofp\libc.a
LOAD C:/ST/STM32CubeIDE_1.14.1/STM32CubeIDE/plugins/com.st.stm32cube.ide.mcu.externaltools.gnu-tools-for-stm32.11.3.rel1.win32_1.1.100.202309141235/tools/bin/../lib/gcc/arm-none-eabi/11.3.1/../../../../arm-none-eabi/lib/thumb/v7-m/nofp\libm.a
LOAD C:/ST/STM32CubeIDE_1.14.1/STM32CubeIDE/plugins/com.st.stm32cube.ide.mcu.externaltools.gnu-tools-for-stm32.11.3.rel1.win32_1.1.100.202309141235/tools/bin/../lib/gcc/arm-none-eabi/11.3.1/thumb/v7-m/nofp\libgcc.a

.comment        0x0000000000000000       0x43
 .comment       0x0000000000000000       0x43 C:/ST/STM32CubeIDE_1.14.1/STM32CubeIDE/plugins/com.st.stm32cube.ide.mcu.externaltools.gnu-tools-for-stm32.11.3.rel1.win32_1.1.100.202309141235/tools/bin/../lib/gcc/arm-none-eabi/11.3.1/thumb/v7-m/nofp/crtbegin.o
                                         0x44 (size before relaxing)
 .comment       0x0000000000000043       0x44 ./Core/Src/main.o
 .comment       0x0000000000000043       0x44 ./Core/Src/stm32f1xx_it.o
 .comment       0x0000000000000043       0x44 ./Core/Src/system_stm32f1xx.o
 .comment       0x0000000000000043       0x44 ./Core/Src/usb/cdc_shell.o
 .comment       0x0000000000000043       0x44 ./Core/Src/usb/device_config.o
 .comment       0x0000000000000043       0x44 ./Core/Src/usb/gpio.o
 .comment       0x0000000000000043       0x44 ./Core/Src/usb/status_led.o
 .comment       0x0000000000000043       0x44 ./Core/Src/usb/system_clock.o
 .comment       0x0000000000000043       0x44 ./Core/Src/usb/system_interrupts.o
 .comment       0x0000000000000043       0x44 ./Core/Src/usb/usb_cdc.o
 .comment       0x0000000000000043       0x44 ./Core/Src/usb/usb_core.o
 .comment       0x0000000000000043       0x44 ./Core/Src/usb/usb_descriptors.o
 .comment       0x0000000000000043       0x44 ./Core/Src/usb/usb_io.o
 .comment       0x0000000000000043       0x44 ./Core/Src/usb/usb_panic.o
 .comment       0x0000000000000043       0x44 ./Core/Src/usb/usb_uid.o
 .comment       0x0000000000000043       0x44 ./Drivers/STM32F1xx_HAL_Driver/Src/stm32f1xx_hal.o

.debug_line     0x0000000000000000       0x78
 .debug_line    0x0000000000000000       0x78 ./Core/Startup/startup_stm32f103c8tx.o

.debug_line_str
                0x0000000000000000       0x6d
 .debug_line_str
                0x0000000000000000       0x6d ./Core/Startup/startup_stm32f103c8tx.o
                                         0x85 (size before relaxing)

.debug_info     0x0000000000000000       0x23
 .debug_info    0x0000000000000000       0x23 ./Core/Startup/startup_stm32f103c8tx.o

.debug_abbrev   0x0000000000000000       0x12
 .debug_abbrev  0x0000000000000000       0x12 ./Core/Startup/startup_stm32f103c8tx.o

.debug_aranges  0x0000000000000000       0x28
 .debug_aranges
                0x0000000000000000       0x28 ./Core/Startup/startup_stm32f103c8tx.o

.debug_str      0x0000000000000000       0x79
 .debug_str     0x0000000000000000       0x79 ./Core/Startup/startup_stm32f103c8tx.o

.debug_rnglists
                0x0000000000000000       0x19
 .debug_rnglists
                0x0000000000000000       0x19 ./Core/Startup/startup_stm32f103c8tx.o

.debug_frame    0x0000000000000000      0x354
 .debug_frame   0x0000000000000000       0x30 C:/ST/STM32CubeIDE_1.14.1/STM32CubeIDE/plugins/com.st.stm32cube.ide.mcu.externaltools.gnu-tools-for-stm32.11.3.rel1.win32_1.1.100.202309141235/tools/bin/../lib/gcc/arm-none-eabi/11.3.1/../../../../arm-none-eabi/lib/thumb/v7-m/nofp\libc_nano.a(libc_a-atoi.o)
 .debug_frame   0x0000000000000030       0x38 C:/ST/STM32CubeIDE_1.14.1/STM32CubeIDE/plugins/com.st.stm32cube.ide.mcu.externaltools.gnu-tools-for-stm32.11.3.rel1.win32_1.1.100.202309141235/tools/bin/../lib/gcc/arm-none-eabi/11.3.1/../../../../arm-none-eabi/lib/thumb/v7-m/nofp\libc_nano.a(libc_a-itoa.o)
 .debug_frame   0x0000000000000068       0x64 C:/ST/STM32CubeIDE_1.14.1/STM32CubeIDE/plugins/com.st.stm32cube.ide.mcu.externaltools.gnu-tools-for-stm32.11.3.rel1.win32_1.1.100.202309141235/tools/bin/../lib/gcc/arm-none-eabi/11.3.1/../../../../arm-none-eabi/lib/thumb/v7-m/nofp\libc_nano.a(libc_a-strtol.o)
 .debug_frame   0x00000000000000cc       0x48 C:/ST/STM32CubeIDE_1.14.1/STM32CubeIDE/plugins/com.st.stm32cube.ide.mcu.externaltools.gnu-tools-for-stm32.11.3.rel1.win32_1.1.100.202309141235/tools/bin/../lib/gcc/arm-none-eabi/11.3.1/../../../../arm-none-eabi/lib/thumb/v7-m/nofp\libc_nano.a(libc_a-utoa.o)
 .debug_frame   0x0000000000000114      0x144 C:/ST/STM32CubeIDE_1.14.1/STM32CubeIDE/plugins/com.st.stm32cube.ide.mcu.externaltools.gnu-tools-for-stm32.11.3.rel1.win32_1.1.100.202309141235/tools/bin/../lib/gcc/arm-none-eabi/11.3.1/../../../../arm-none-eabi/lib/thumb/v7-m/nofp\libc_nano.a(libc_a-findfp.o)
 .debug_frame   0x0000000000000258       0x28 C:/ST/STM32CubeIDE_1.14.1/STM32CubeIDE/plugins/com.st.stm32cube.ide.mcu.externaltools.gnu-tools-for-stm32.11.3.rel1.win32_1.1.100.202309141235/tools/bin/../lib/gcc/arm-none-eabi/11.3.1/../../../../arm-none-eabi/lib/thumb/v7-m/nofp\libc_nano.a(libc_a-memmove.o)
 .debug_frame   0x0000000000000280       0x20 C:/ST/STM32CubeIDE_1.14.1/STM32CubeIDE/plugins/com.st.stm32cube.ide.mcu.externaltools.gnu-tools-for-stm32.11.3.rel1.win32_1.1.100.202309141235/tools/bin/../lib/gcc/arm-none-eabi/11.3.1/../../../../arm-none-eabi/lib/thumb/v7-m/nofp\libc_nano.a(libc_a-memset.o)
 .debug_frame   0x00000000000002a0       0x20 C:/ST/STM32CubeIDE_1.14.1/STM32CubeIDE/plugins/com.st.stm32cube.ide.mcu.externaltools.gnu-tools-for-stm32.11.3.rel1.win32_1.1.100.202309141235/tools/bin/../lib/gcc/arm-none-eabi/11.3.1/../../../../arm-none-eabi/lib/thumb/v7-m/nofp\libc_nano.a(libc_a-errno.o)
 .debug_frame   0x00000000000002c0       0x2c C:/ST/STM32CubeIDE_1.14.1/STM32CubeIDE/plugins/com.st.stm32cube.ide.mcu.externaltools.gnu-tools-for-stm32.11.3.rel1.win32_1.1.100.202309141235/tools/bin/../lib/gcc/arm-none-eabi/11.3.1/../../../../arm-none-eabi/lib/thumb/v7-m/nofp\libc_nano.a(libc_a-init.o)
 .debug_frame   0x00000000000002ec       0x20 C:/ST/STM32CubeIDE_1.14.1/STM32CubeIDE/plugins/com.st.stm32cube.ide.mcu.externaltools.gnu-tools-for-stm32.11.3.rel1.win32_1.1.100.202309141235/tools/bin/../lib/gcc/arm-none-eabi/11.3.1/../../../../arm-none-eabi/lib/thumb/v7-m/nofp\libc_nano.a(libc_a-strcmp.o)
 .debug_frame   0x000000000000030c       0x20 C:/ST/STM32CubeIDE_1.14.1/STM32CubeIDE/plugins/com.st.stm32cube.ide.mcu.externaltools.gnu-tools-for-stm32.11.3.rel1.win32_1.1.100.202309141235/tools/bin/../lib/gcc/arm-none-eabi/11.3.1/../../../../arm-none-eabi/lib/thumb/v7-m/nofp\libc_nano.a(libc_a-strcpy.o)
 .debug_frame   0x000000000000032c       0x28 C:/ST/STM32CubeIDE_1.14.1/STM32CubeIDE/plugins/com.st.stm32cube.ide.mcu.externaltools.gnu-tools-for-stm32.11.3.rel1.win32_1.1.100.202309141235/tools/bin/../lib/gcc/arm-none-eabi/11.3.1/../../../../arm-none-eabi/lib/thumb/v7-m/nofp\libc_nano.a(libc_a-memcpy-stub.o)
